main.c:621:7:sendData	8	static
main.c:78:6:set_time	32	static,ignoring_inline_asm
main.c:148:6:mux	8	static
main.c:160:6:check_channels	32	static
main.c:308:6:storeAlarm	40	static
main.c:351:6:HAL_CAN_RxFifo0MsgPendingCallback	56	static
main.c:456:6:printStoredNumbers	56	static
main.c:1204:6:SystemClock_Config	96	static,ignoring_inline_asm
main.c:554:5:main	144	static,ignoring_inline_asm
main.c:1624:6:HAL_TIM_PeriodElapsedCallback	12	static
main.c:1646:6:Error_Handler	0	static,ignoring_inline_asm
