main.c:615:7:sendData	8	static
main.c:78:6:set_time	32	static,ignoring_inline_asm
main.c:146:6:mux	8	static
main.c:158:6:check_channels	32	static
main.c:306:6:storeAlarm	40	static
main.c:349:6:HAL_CAN_RxFifo0MsgPendingCallback	56	static
main.c:450:6:printStoredNumbers	56	static
main.c:1174:6:SystemClock_Config	96	static,ignoring_inline_asm
main.c:548:5:main	144	static,ignoring_inline_asm
main.c:1594:6:HAL_TIM_PeriodElapsedCallback	12	static
main.c:1616:6:Error_Handler	0	static,ignoring_inline_asm
