Archive member included to satisfy reference by file (symbol)

c:/st/stm32cubeide_1.7.0/stm32cubeide/plugins/com.st.stm32cube.ide.mcu.externaltools.gnu-tools-for-stm32.9-2020-q2-update.win32_2.0.0.202105311346/tools/bin/../lib/gcc/arm-none-eabi/9.3.1/../../../../arm-none-eabi/lib/thumb/v7e-m+fp/hard\libc_nano.a(lib_a-errno.o)
                              ./Core/Src/syscalls.o (__errno)
c:/st/stm32cubeide_1.7.0/stm32cubeide/plugins/com.st.stm32cube.ide.mcu.externaltools.gnu-tools-for-stm32.9-2020-q2-update.win32_2.0.0.202105311346/tools/bin/../lib/gcc/arm-none-eabi/9.3.1/../../../../arm-none-eabi/lib/thumb/v7e-m+fp/hard\libc_nano.a(lib_a-exit.o)
                              c:/st/stm32cubeide_1.7.0/stm32cubeide/plugins/com.st.stm32cube.ide.mcu.externaltools.gnu-tools-for-stm32.9-2020-q2-update.win32_2.0.0.202105311346/tools/bin/../lib/gcc/arm-none-eabi/9.3.1/../../../../arm-none-eabi/lib/thumb/v7e-m+fp/hard/crt0.o (exit)
c:/st/stm32cubeide_1.7.0/stm32cubeide/plugins/com.st.stm32cube.ide.mcu.externaltools.gnu-tools-for-stm32.9-2020-q2-update.win32_2.0.0.202105311346/tools/bin/../lib/gcc/arm-none-eabi/9.3.1/../../../../arm-none-eabi/lib/thumb/v7e-m+fp/hard\libc_nano.a(lib_a-impure.o)
                              c:/st/stm32cubeide_1.7.0/stm32cubeide/plugins/com.st.stm32cube.ide.mcu.externaltools.gnu-tools-for-stm32.9-2020-q2-update.win32_2.0.0.202105311346/tools/bin/../lib/gcc/arm-none-eabi/9.3.1/../../../../arm-none-eabi/lib/thumb/v7e-m+fp/hard\libc_nano.a(lib_a-exit.o) (_global_impure_ptr)
c:/st/stm32cubeide_1.7.0/stm32cubeide/plugins/com.st.stm32cube.ide.mcu.externaltools.gnu-tools-for-stm32.9-2020-q2-update.win32_2.0.0.202105311346/tools/bin/../lib/gcc/arm-none-eabi/9.3.1/../../../../arm-none-eabi/lib/thumb/v7e-m+fp/hard\libc_nano.a(lib_a-init.o)
                              c:/st/stm32cubeide_1.7.0/stm32cubeide/plugins/com.st.stm32cube.ide.mcu.externaltools.gnu-tools-for-stm32.9-2020-q2-update.win32_2.0.0.202105311346/tools/bin/../lib/gcc/arm-none-eabi/9.3.1/../../../../arm-none-eabi/lib/thumb/v7e-m+fp/hard/crt0.o (__libc_init_array)
c:/st/stm32cubeide_1.7.0/stm32cubeide/plugins/com.st.stm32cube.ide.mcu.externaltools.gnu-tools-for-stm32.9-2020-q2-update.win32_2.0.0.202105311346/tools/bin/../lib/gcc/arm-none-eabi/9.3.1/../../../../arm-none-eabi/lib/thumb/v7e-m+fp/hard\libc_nano.a(lib_a-memset.o)
                              c:/st/stm32cubeide_1.7.0/stm32cubeide/plugins/com.st.stm32cube.ide.mcu.externaltools.gnu-tools-for-stm32.9-2020-q2-update.win32_2.0.0.202105311346/tools/bin/../lib/gcc/arm-none-eabi/9.3.1/../../../../arm-none-eabi/lib/thumb/v7e-m+fp/hard/crt0.o (memset)
c:/st/stm32cubeide_1.7.0/stm32cubeide/plugins/com.st.stm32cube.ide.mcu.externaltools.gnu-tools-for-stm32.9-2020-q2-update.win32_2.0.0.202105311346/tools/bin/../lib/gcc/arm-none-eabi/9.3.1/thumb/v7e-m+fp/hard\libgcc.a(_arm_muldf3.o)
                              ./Core/Src/main.o (__aeabi_dmul)
c:/st/stm32cubeide_1.7.0/stm32cubeide/plugins/com.st.stm32cube.ide.mcu.externaltools.gnu-tools-for-stm32.9-2020-q2-update.win32_2.0.0.202105311346/tools/bin/../lib/gcc/arm-none-eabi/9.3.1/thumb/v7e-m+fp/hard\libgcc.a(_arm_addsubdf3.o)
                              ./Core/Src/main.o (__aeabi_f2d)
c:/st/stm32cubeide_1.7.0/stm32cubeide/plugins/com.st.stm32cube.ide.mcu.externaltools.gnu-tools-for-stm32.9-2020-q2-update.win32_2.0.0.202105311346/tools/bin/../lib/gcc/arm-none-eabi/9.3.1/thumb/v7e-m+fp/hard\libgcc.a(_arm_truncdfsf2.o)
                              ./Core/Src/main.o (__aeabi_d2f)
c:/st/stm32cubeide_1.7.0/stm32cubeide/plugins/com.st.stm32cube.ide.mcu.externaltools.gnu-tools-for-stm32.9-2020-q2-update.win32_2.0.0.202105311346/tools/bin/../lib/gcc/arm-none-eabi/9.3.1/thumb/v7e-m+fp/hard\libgcc.a(_aeabi_ldivmod.o)
                              ./Drivers/STM32F4xx_HAL_Driver/Src/stm32f4xx_hal_rcc.o (__aeabi_ldivmod)
c:/st/stm32cubeide_1.7.0/stm32cubeide/plugins/com.st.stm32cube.ide.mcu.externaltools.gnu-tools-for-stm32.9-2020-q2-update.win32_2.0.0.202105311346/tools/bin/../lib/gcc/arm-none-eabi/9.3.1/thumb/v7e-m+fp/hard\libgcc.a(_aeabi_uldivmod.o)
                              ./Drivers/STM32F4xx_HAL_Driver/Src/stm32f4xx_hal_rcc.o (__aeabi_uldivmod)
c:/st/stm32cubeide_1.7.0/stm32cubeide/plugins/com.st.stm32cube.ide.mcu.externaltools.gnu-tools-for-stm32.9-2020-q2-update.win32_2.0.0.202105311346/tools/bin/../lib/gcc/arm-none-eabi/9.3.1/thumb/v7e-m+fp/hard\libgcc.a(_udivmoddi4.o)
                              c:/st/stm32cubeide_1.7.0/stm32cubeide/plugins/com.st.stm32cube.ide.mcu.externaltools.gnu-tools-for-stm32.9-2020-q2-update.win32_2.0.0.202105311346/tools/bin/../lib/gcc/arm-none-eabi/9.3.1/thumb/v7e-m+fp/hard\libgcc.a(_aeabi_ldivmod.o) (__udivmoddi4)
c:/st/stm32cubeide_1.7.0/stm32cubeide/plugins/com.st.stm32cube.ide.mcu.externaltools.gnu-tools-for-stm32.9-2020-q2-update.win32_2.0.0.202105311346/tools/bin/../lib/gcc/arm-none-eabi/9.3.1/thumb/v7e-m+fp/hard\libgcc.a(_dvmd_tls.o)
[...]
Memory Configuration

Name             Origin             Length             Attributes
CCMRAM           0x0000000010000000 0x0000000000010000 xrw
RAM              0x0000000020000000 0x0000000000020000 xrw
FLASH            0x0000000008000000 0x0000000000100000 xr
*default*        0x0000000000000000 0xffffffffffffffff

Linker script and memory map

LOAD c:/st/stm32cubeide_1.7.0/stm32cubeide/plugins/com.st.stm32cube.ide.mcu.externaltools.gnu-tools-for-stm32.9-2020-q2-update.win32_2.0.0.202105311346/tools/bin/../lib/gcc/arm-none-eabi/9.3.1/thumb/v7e-m+fp/hard/crti.o
LOAD c:/st/stm32cubeide_1.7.0/stm32cubeide/plugins/com.st.stm32cube.ide.mcu.externaltools.gnu-tools-for-stm32.9-2020-q2-update.win32_2.0.0.202105311346/tools/bin/../lib/gcc/arm-none-eabi/9.3.1/thumb/v7e-m+fp/hard/crtbegin.o
LOAD c:/st/stm32cubeide_1.7.0/stm32cubeide/plugins/com.st.stm32cube.ide.mcu.externaltools.gnu-tools-for-stm32.9-2020-q2-update.win32_2.0.0.202105311346/tools/bin/../lib/gcc/arm-none-eabi/9.3.1/../../../../arm-none-eabi/lib/thumb/v7e-m+fp/hard/crt0.o
LOAD ./Core/Src/EEPROM.o
LOAD ./Core/Src/main.o
LOAD ./Core/Src/stm32f4xx_hal_msp.o
LOAD ./Core/Src/stm32f4xx_it.o
LOAD ./Core/Src/syscalls.o
LOAD ./Core/Src/sysmem.o
LOAD ./Core/Src/system_stm32f4xx.o
LOAD ./Core/Startup/startup_stm32f407zgtx.o
LOAD ./Drivers/STM32F4xx_HAL_Driver/Src/stm32f4xx_hal.o
LOAD ./Drivers/STM32F4xx_HAL_Driver/Src/stm32f4xx_hal_adc.o
LOAD ./Drivers/STM32F4xx_HAL_Driver/Src/stm32f4xx_hal_adc_ex.o
LOAD ./Drivers/STM32F4xx_HAL_Driver/Src/stm32f4xx_hal_can.o
LOAD ./Drivers/STM32F4xx_HAL_Driver/Src/stm32f4xx_hal_cortex.o
LOAD ./Drivers/STM32F4xx_HAL_Driver/Src/stm32f4xx_hal_dma.o
LOAD ./Drivers/STM32F4xx_HAL_Driver/Src/stm32f4xx_hal_dma_ex.o
LOAD ./Drivers/STM32F4xx_HAL_Driver/Src/stm32f4xx_hal_exti.o
LOAD ./Drivers/STM32F4xx_HAL_Driver/Src/stm32f4xx_hal_flash.o
LOAD ./Drivers/STM32F4xx_HAL_Driver/Src/stm32f4xx_hal_flash_ex.o
LOAD ./Drivers/STM32F4xx_HAL_Driver/Src/stm32f4xx_hal_flash_ramfunc.o
LOAD ./Drivers/STM32F4xx_HAL_Driver/Src/stm32f4xx_hal_gpio.o
LOAD ./Drivers/STM32F4xx_HAL_Driver/Src/stm32f4xx_hal_i2c.o
LOAD ./Drivers/STM32F4xx_HAL_Driver/Src/stm32f4xx_hal_i2c_ex.o
LOAD ./Drivers/STM32F4xx_HAL_Driver/Src/stm32f4xx_hal_pwr.o
LOAD ./Drivers/STM32F4xx_HAL_Driver/Src/stm32f4xx_hal_pwr_ex.o
LOAD ./Drivers/STM32F4xx_HAL_Driver/Src/stm32f4xx_hal_rcc.o
LOAD ./Drivers/STM32F4xx_HAL_Driver/Src/stm32f4xx_hal_rcc_ex.o
LOAD ./Drivers/STM32F4xx_HAL_Driver/Src/stm32f4xx_hal_rtc.o
LOAD ./Drivers/STM32F4xx_HAL_Driver/Src/stm32f4xx_hal_rtc_ex.o
LOAD ./Drivers/STM32F4xx_HAL_Driver/Src/stm32f4xx_hal_tim.o
LOAD ./Drivers/STM32F4xx_HAL_Driver/Src/stm32f4xx_hal_tim_ex.o
LOAD ./Drivers/STM32F4xx_HAL_Driver/Src/stm32f4xx_ll_adc.o
START GROUP
LOAD c:/st/stm32cubeide_1.7.0/stm32cubeide/plugins/com.st.stm32cube.ide.mcu.externaltools.gnu-tools-for-stm32.9-2020-q2-update.win32_2.0.0.202105311346/tools/bin/../lib/gcc/arm-none-eabi/9.3.1/../../../../arm-none-eabi/lib/thumb/v7e-m+fp/hard\libc_nano.a
LOAD c:/st/stm32cubeide_1.7.0/stm32cubeide/plugins/com.st.stm32cube.ide.mcu.externaltools.gnu-tools-for-stm32.9-2020-q2-update.win32_2.0.0.202105311346/tools/bin/../lib/gcc/arm-none-eabi/9.3.1/../../../../arm-none-eabi/lib/thumb/v7e-m+fp/hard\libm.a
END GROUP
START GROUP
LOAD c:/st/stm32cubeide_1.7.0/stm32cubeide/plugins/com.st.stm32cube.ide.mcu.externaltools.gnu-tools-for-stm32.9-2020-q2-update.win32_2.0.0.202105311346/tools/bin/../lib/gcc/arm-none-eabi/9.3.1/thumb/v7e-m+fp/hard\libgcc.a
LOAD c:/st/stm32cubeide_1.7.0/stm32cubeide/plugins/com.st.stm32cube.ide.mcu.externaltools.gnu-tools-for-stm32.9-2020-q2-update.win32_2.0.0.202105311346/tools/bin/../lib/gcc/arm-none-eabi/9.3.1/../../../../arm-none-eabi/lib/thumb/v7e-m+fp/hard\libc_nano.a
END GROUP
START GROUP
LOAD c:/st/stm32cubeide_1.7.0/stm32cubeide/plugins/com.st.stm32cube.ide.mcu.externaltools.gnu-tools-for-stm32.9-2020-q2-update.win32_2.0.0.202105311346/tools/bin/../lib/gcc/arm-none-eabi/9.3.1/thumb/v7e-m+fp/hard\libgcc.a
LOAD c:/st/stm32cubeide_1.7.0/stm32cubeide/plugins/com.st.stm32cube.ide.mcu.externaltools.gnu-tools-for-stm32.9-2020-q2-update.win32_2.0.0.202105311346/tools/bin/../lib/gcc/arm-none-eabi/9.3.1/../../../../arm-none-eabi/lib/thumb/v7e-m+fp/hard\libc_nano.a
LOAD c:/st/stm32cubeide_1.7.0/stm32cubeide/plugins/com.st.stm32cube.ide.mcu.externaltools.gnu-tools-for-stm32.9-2020-q2-update.win32_2.0.0.202105311346/tools/bin/../lib/gcc/arm-none-eabi/9.3.1/../../../../arm-none-eabi/lib/thumb/v7e-m+fp/hard\libnosys.a
END GROUP
START GROUP
LOAD c:/st/stm32cubeide_1.7.0/stm32cubeide/plugins/com.st.stm32cube.ide.mcu.externaltools.gnu-tools-for-stm32.9-2020-q2-update.win32_2.0.0.202105311346/tools/bin/../lib/gcc/arm-none-eabi/9.3.1/thumb/v7e-m+fp/hard\libgcc.a
LOAD c:/st/stm32cubeide_1.7.0/stm32cubeide/plugins/com.st.stm32cube.ide.mcu.externaltools.gnu-tools-for-stm32.9-2020-q2-update.win32_2.0.0.202105311346/tools/bin/../lib/gcc/arm-none-eabi/9.3.1/../../../../arm-none-eabi/lib/thumb/v7e-m+fp/hard\libc_nano.a
LOAD c:/st/stm32cubeide_1.7.0/stm32cubeide/plugins/com.st.stm32cube.ide.mcu.externaltools.gnu-tools-for-stm32.9-2020-q2-update.win32_2.0.0.202105311346/tools/bin/../lib/gcc/arm-none-eabi/9.3.1/../../../../arm-none-eabi/lib/thumb/v7e-m+fp/hard\libnosys.a
END GROUP
LOAD c:/st/stm32cubeide_1.7.0/stm32cubeide/plugins/com.st.stm32cube.ide.mcu.externaltools.gnu-tools-for-stm32.9-2020-q2-update.win32_2.0.0.202105311346/tools/bin/../lib/gcc/arm-none-eabi/9.3.1/thumb/v7e-m+fp/hard/crtend.o
LOAD c:/st/stm32cubeide_1.7.0/stm32cubeide/plugins/com.st.stm32cube.ide.mcu.externaltools.gnu-tools-for-stm32.9-2020-q2-update.win32_2.0.0.202105311346/tools/bin/../lib/gcc/arm-none-eabi/9.3.1/thumb/v7e-m+fp/hard/crtn.o
                0x0000000020020000                _estack = (ORIGIN (RAM) + LENGTH (RAM))
                0x0000000000000200                _Min_Heap_Size = 0x200
                0x0000000000000400                _Min_Stack_Size = 0x400

.isr_vector     0x0000000008000000      0x188
                0x0000000008000000                . = ALIGN (0x4)
 *(.isr_vector)
 .isr_vector    0x0000000008000000      0x188 ./Core/Startup/startup_stm32f407zgtx.o
                0x0000000008000000                g_pfnVectors
                0x0000000008000188                . = ALIGN (0x4)

.text           0x0000000008000188     0x4dd0
                0x0000000008000188                . = ALIGN (0x4)
 *(.text)
 .text          0x0000000008000188       0x40 c:/st/stm32cubeide_1.7.0/stm32cubeide/plugins/com.st.stm32cube.ide.mcu.externaltools.gnu-tools-for-stm32.9-2020-q2-update.win32_2.0.0.202105311346/tools/bin/../lib/gcc/arm-none-eabi/9.3.1/thumb/v7e-m+fp/hard/crtbegin.o
 .text          0x00000000080001c8      0x254 c:/st/stm32cubeide_1.7.0/stm32cubeide/plugins/com.st.stm32cube.ide.mcu.externaltools.gnu-tools-for-stm32.9-2020-q2-update.win32_2.0.0.202105311346/tools/bin/../lib/gcc/arm-none-eabi/9.3.1/thumb/v7e-m+fp/hard\libgcc.a(_arm_muldf3.o)
                0x00000000080001c8                __muldf3
                0x00000000080001c8                __aeabi_dmul
 .text          0x000000000800041c      0x378 c:/st/stm32cubeide_1.7.0/stm32cubeide/plugins/com.st.stm32cube.ide.mcu.externaltools.gnu-tools-for-stm32.9-2020-q2-update.win32_2.0.0.202105311346/tools/bin/../lib/gcc/arm-none-eabi/9.3.1/thumb/v7e-m+fp/hard\libgcc.a(_arm_addsubdf3.o)
                0x000000000800041c                __aeabi_drsub
                0x0000000008000424                __aeabi_dsub
                0x0000000008000424                __subdf3
                0x0000000008000428                __aeabi_dadd
                0x0000000008000428                __adddf3
                0x00000000080006a0                __floatunsidf
                0x00000000080006a0                __aeabi_ui2d
                0x00000000080006c0                __floatsidf
                0x00000000080006c0                __aeabi_i2d
                0x00000000080006e4                __aeabi_f2d
                0x00000000080006e4                __extendsfdf2
                0x0000000008000728                __floatundidf
                0x0000000008000728                __aeabi_ul2d
                0x0000000008000738                __floatdidf
                0x0000000008000738                __aeabi_l2d
 .text          0x0000000008000794       0xa0 c:/st/stm32cubeide_1.7.0/stm32cubeide/plugins/com.st.stm32cube.ide.mcu.externaltools.gnu-tools-for-stm32.9-2020-q2-update.win32_2.0.0.202105311346/tools/bin/../lib/gcc/arm-none-eabi/9.3.1/thumb/v7e-m+fp/hard\libgcc.a(_arm_truncdfsf2.o)
                0x0000000008000794                __truncdfsf2
                0x0000000008000794                __aeabi_d2f
 .text          0x0000000008000834       0x30 c:/st/stm32cubeide_1.7.0/stm32cubeide/plugins/com.st.stm32cube.ide.mcu.externaltools.gnu-tools-for-stm32.9-2020-q2-update.win32_2.0.0.202105311346/tools/bin/../lib/gcc/arm-none-eabi/9.3.1/thumb/v7e-m+fp/hard\libgcc.a(_aeabi_uldivmod.o)
                0x0000000008000834                __aeabi_uldivmod
 .text          0x0000000008000864      0x2c4 c:/st/stm32cubeide_1.7.0/stm32cubeide/plugins/com.st.stm32cube.ide.mcu.externaltools.gnu-tools-for-stm32.9-2020-q2-update.win32_2.0.0.202105311346/tools/bin/../lib/gcc/arm-none-eabi/9.3.1/thumb/v7e-m+fp/hard\libgcc.a(_udivmoddi4.o)
                0x0000000008000864                __udivmoddi4
 .text          0x0000000008000b28        0x4 c:/st/stm32cubeide_1.7.0/stm32cubeide/plugins/com.st.stm32cube.ide.mcu.externaltools.gnu-tools-for-stm32.9-2020-q2-update.win32_2.0.0.202105311346/tools/bin/../lib/gcc/arm-none-eabi/9.3.1/thumb/v7e-m+fp/hard\libgcc.a(_dvmd_tls.o)
                0x0000000008000b28                __aeabi_idiv0
                0x0000000008000b28                __aeabi_ldiv0
 *(.text*)
 .text.EEPROM_Write
                0x0000000008000b2c       0x70 ./Core/Src/EEPROM.o
                0x0000000008000b2c                EEPROM_Write
 .text.float2Bytes
                0x0000000008000b9c       0x1c ./Core/Src/EEPROM.o
                0x0000000008000b9c                float2Bytes
 .text.Bytes2float
                0x0000000008000bb8       0x1c ./Core/Src/EEPROM.o
                0x0000000008000bb8                Bytes2float
 .text.EEPROM_Write_NUM
                0x0000000008000bd4       0x24 ./Core/Src/EEPROM.o
                0x0000000008000bd4                EEPROM_Write_NUM
 .text.EEPROM_Read
                0x0000000008000bf8       0x6c ./Core/Src/EEPROM.o
                0x0000000008000bf8                EEPROM_Read
 .text.EEPROM_Read_NUM
                0x0000000008000c64       0x18 ./Core/Src/EEPROM.o
                0x0000000008000c64                EEPROM_Read_NUM
 .text.sendData.10910
                0x0000000008000c7c       0x50 ./Core/Src/main.o
 .text.set_time
                0x0000000008000ccc       0x58 ./Core/Src/main.o
                0x0000000008000ccc                set_time
 .text.mux      0x0000000008000d24       0x44 ./Core/Src/main.o
                0x0000000008000d24                mux
 .text.check_channels
                0x0000000008000d68       0xe8 ./Core/Src/main.o
                0x0000000008000d68                check_channels
 .text.storeAlarm
                0x0000000008000e50      0x114 ./Core/Src/main.o
                0x0000000008000e50                storeAlarm
 .text.HAL_CAN_RxFifo0MsgPendingCallback
                0x0000000008000f64      0x354 ./Core/Src/main.o
                0x0000000008000f64                HAL_CAN_RxFifo0MsgPendingCallback
 .text.printStoredNumbers
                0x00000000080012b8      0x2c0 ./Core/Src/main.o
                0x00000000080012b8                printStoredNumbers
 .text.SystemClock_Config
                0x0000000008001578       0xa0 ./Core/Src/main.o
                0x0000000008001578                SystemClock_Config
 .text.startup.main
                0x0000000008001618     0x126c ./Core/Src/main.o
                0x0000000008001618                main
 .text.HAL_TIM_PeriodElapsedCallback
                0x0000000008002884       0x50 ./Core/Src/main.o
                0x0000000008002884                HAL_TIM_PeriodElapsedCallback
 .text.Error_Handler
                0x00000000080028d4        0x4 ./Core/Src/main.o
                0x00000000080028d4                Error_Handler
 .text.HAL_MspInit
                0x00000000080028d8       0x38 ./Core/Src/stm32f4xx_hal_msp.o
                0x00000000080028d8                HAL_MspInit
 .text.HAL_ADC_MspInit
                0x0000000008002910       0xb4 ./Core/Src/stm32f4xx_hal_msp.o
                0x0000000008002910                HAL_ADC_MspInit
 .text.HAL_CAN_MspInit
                0x00000000080029c4       0x7c ./Core/Src/stm32f4xx_hal_msp.o
                0x00000000080029c4                HAL_CAN_MspInit
 .text.HAL_I2C_MspInit
                0x0000000008002a40       0x6c ./Core/Src/stm32f4xx_hal_msp.o
                0x0000000008002a40                HAL_I2C_MspInit
 .text.HAL_RTC_MspInit
                0x0000000008002aac       0x40 ./Core/Src/stm32f4xx_hal_msp.o
                0x0000000008002aac                HAL_RTC_MspInit
 .text.HAL_TIM_Base_MspInit
                0x0000000008002aec       0x44 ./Core/Src/stm32f4xx_hal_msp.o
                0x0000000008002aec                HAL_TIM_Base_MspInit
 .text.NMI_Handler
                0x0000000008002b30        0x2 ./Core/Src/stm32f4xx_it.o
                0x0000000008002b30                NMI_Handler
 .text.HardFault_Handler
                0x0000000008002b32        0x2 ./Core/Src/stm32f4xx_it.o
                0x0000000008002b32                HardFault_Handler
 .text.MemManage_Handler
                0x0000000008002b34        0x2 ./Core/Src/stm32f4xx_it.o
                0x0000000008002b34                MemManage_Handler
 .text.BusFault_Handler
                0x0000000008002b36        0x2 ./Core/Src/stm32f4xx_it.o
                0x0000000008002b36                BusFault_Handler
 .text.UsageFault_Handler
                0x0000000008002b38        0x2 ./Core/Src/stm32f4xx_it.o
                0x0000000008002b38                UsageFault_Handler
 .text.SVC_Handler
                0x0000000008002b3a        0x2 ./Core/Src/stm32f4xx_it.o
                0x0000000008002b3a                SVC_Handler
 .text.DebugMon_Handler
                0x0000000008002b3c        0x2 ./Core/Src/stm32f4xx_it.o
                0x0000000008002b3c                DebugMon_Handler
 .text.PendSV_Handler
                0x0000000008002b3e        0x2 ./Core/Src/stm32f4xx_it.o
                0x0000000008002b3e                PendSV_Handler
 .text.SysTick_Handler
                0x0000000008002b40        0x4 ./Core/Src/stm32f4xx_it.o
                0x0000000008002b40                SysTick_Handler
 .text.CAN1_RX0_IRQHandler
                0x0000000008002b44        0xc ./Core/Src/stm32f4xx_it.o
                0x0000000008002b44                CAN1_RX0_IRQHandler
 .text.TIM6_DAC_IRQHandler
                0x0000000008002b50        0xc ./Core/Src/stm32f4xx_it.o
                0x0000000008002b50                TIM6_DAC_IRQHandler
 .text.SystemInit
                0x0000000008002b5c       0x14 ./Core/Src/system_stm32f4xx.o
                0x0000000008002b5c                SystemInit
 .text.Reset_Handler
                0x0000000008002b70       0x50 ./Core/Startup/startup_stm32f407zgtx.o
                0x0000000008002b70                Reset_Handler
 .text.Default_Handler
                0x0000000008002bc0        0x2 ./Core/Startup/startup_stm32f407zgtx.o
                0x0000000008002bc0                RTC_Alarm_IRQHandler
                0x0000000008002bc0                HASH_RNG_IRQHandler
                0x0000000008002bc0                EXTI2_IRQHandler
                0x0000000008002bc0                TIM8_CC_IRQHandler
                0x0000000008002bc0                TIM1_CC_IRQHandler
                0x0000000008002bc0                DMA2_Stream5_IRQHandler
                0x0000000008002bc0                DMA1_Stream5_IRQHandler
                0x0000000008002bc0                PVD_IRQHandler
                0x0000000008002bc0                SDIO_IRQHandler
                0x0000000008002bc0                TAMP_STAMP_IRQHandler
                0x0000000008002bc0                CAN2_RX1_IRQHandler
                0x0000000008002bc0                EXTI3_IRQHandler
                0x0000000008002bc0                TIM8_TRG_COM_TIM14_IRQHandler
                0x0000000008002bc0                TIM1_UP_TIM10_IRQHandler
                0x0000000008002bc0                TIM8_UP_TIM13_IRQHandler
                0x0000000008002bc0                I2C3_ER_IRQHandler
                0x0000000008002bc0                EXTI0_IRQHandler
                0x0000000008002bc0                I2C2_EV_IRQHandler
                0x0000000008002bc0                DMA1_Stream2_IRQHandler
                0x0000000008002bc0                FPU_IRQHandler
                0x0000000008002bc0                OTG_HS_WKUP_IRQHandler
                0x0000000008002bc0                CAN2_SCE_IRQHandler
                0x0000000008002bc0                DMA2_Stream2_IRQHandler
                0x0000000008002bc0                SPI1_IRQHandler
                0x0000000008002bc0                TIM1_BRK_TIM9_IRQHandler
                0x0000000008002bc0                DCMI_IRQHandler
                0x0000000008002bc0                CAN2_RX0_IRQHandler
                0x0000000008002bc0                DMA2_Stream3_IRQHandler
                0x0000000008002bc0                USART6_IRQHandler
                0x0000000008002bc0                USART3_IRQHandler
                0x0000000008002bc0                CAN1_RX1_IRQHandler
                0x0000000008002bc0                UART5_IRQHandler
                0x0000000008002bc0                DMA2_Stream0_IRQHandler
                0x0000000008002bc0                TIM4_IRQHandler
                0x0000000008002bc0                I2C1_EV_IRQHandler
                0x0000000008002bc0                DMA1_Stream6_IRQHandler
                0x0000000008002bc0                DMA1_Stream1_IRQHandler
                0x0000000008002bc0                UART4_IRQHandler
                0x0000000008002bc0                TIM3_IRQHandler
                0x0000000008002bc0                RCC_IRQHandler
                0x0000000008002bc0                TIM8_BRK_TIM12_IRQHandler
                0x0000000008002bc0                Default_Handler
                0x0000000008002bc0                EXTI15_10_IRQHandler
                0x0000000008002bc0                ADC_IRQHandler
                0x0000000008002bc0                DMA1_Stream7_IRQHandler
                0x0000000008002bc0                TIM7_IRQHandler
                0x0000000008002bc0                CAN2_TX_IRQHandler
                0x0000000008002bc0                TIM5_IRQHandler
                0x0000000008002bc0                DMA2_Stream7_IRQHandler
                0x0000000008002bc0                I2C3_EV_IRQHandler
                0x0000000008002bc0                EXTI9_5_IRQHandler
                0x0000000008002bc0                RTC_WKUP_IRQHandler
                0x0000000008002bc0                ETH_WKUP_IRQHandler
                0x0000000008002bc0                SPI2_IRQHandler
                0x0000000008002bc0                OTG_HS_EP1_IN_IRQHandler
                0x0000000008002bc0                DMA1_Stream0_IRQHandler
                0x0000000008002bc0                CAN1_TX_IRQHandler
                0x0000000008002bc0                EXTI4_IRQHandler
                0x0000000008002bc0                FSMC_IRQHandler
                0x0000000008002bc0                ETH_IRQHandler
                0x0000000008002bc0                OTG_HS_EP1_OUT_IRQHandler
                0x0000000008002bc0                WWDG_IRQHandler
                0x0000000008002bc0                TIM2_IRQHandler
                0x0000000008002bc0                OTG_FS_WKUP_IRQHandler
                0x0000000008002bc0                TIM1_TRG_COM_TIM11_IRQHandler
                0x0000000008002bc0                OTG_HS_IRQHandler
                0x0000000008002bc0                EXTI1_IRQHandler
                0x0000000008002bc0                USART2_IRQHandler
                0x0000000008002bc0                I2C2_ER_IRQHandler
                0x0000000008002bc0                DMA2_Stream1_IRQHandler
                0x0000000008002bc0                CAN1_SCE_IRQHandler
                0x0000000008002bc0                FLASH_IRQHandler
                0x0000000008002bc0                DMA2_Stream4_IRQHandler
                0x0000000008002bc0                USART1_IRQHandler
                0x0000000008002bc0                OTG_FS_IRQHandler
                0x0000000008002bc0                SPI3_IRQHandler
                0x0000000008002bc0                DMA1_Stream4_IRQHandler
                0x0000000008002bc0                I2C1_ER_IRQHandler
                0x0000000008002bc0                DMA2_Stream6_IRQHandler
                0x0000000008002bc0                DMA1_Stream3_IRQHandler
 *fill*         0x0000000008002bc2        0x2 
 .text.HAL_InitTick
                0x0000000008002bc4       0x48 ./Drivers/STM32F4xx_HAL_Driver/Src/stm32f4xx_hal.o
                0x0000000008002bc4                HAL_InitTick
 .text.HAL_Init
                0x0000000008002c0c       0x34 ./Drivers/STM32F4xx_HAL_Driver/Src/stm32f4xx_hal.o
                0x0000000008002c0c                HAL_Init
 .text.HAL_IncTick
                0x0000000008002c40       0x18 ./Drivers/STM32F4xx_HAL_Driver/Src/stm32f4xx_hal.o
                0x0000000008002c40                HAL_IncTick
 .text.HAL_GetTick
                0x0000000008002c58        0xc ./Drivers/STM32F4xx_HAL_Driver/Src/stm32f4xx_hal.o
                0x0000000008002c58                HAL_GetTick
 .text.HAL_Delay
                0x0000000008002c64       0x28 ./Drivers/STM32F4xx_HAL_Driver/Src/stm32f4xx_hal.o
                0x0000000008002c64                HAL_Delay
 .text.HAL_ADC_Init
                0x0000000008002c8c      0x14c ./Drivers/STM32F4xx_HAL_Driver/Src/stm32f4xx_hal_adc.o
                0x0000000008002c8c                HAL_ADC_Init
 .text.HAL_ADC_Start
                0x0000000008002dd8      0x108 ./Drivers/STM32F4xx_HAL_Driver/Src/stm32f4xx_hal_adc.o
                0x0000000008002dd8                HAL_ADC_Start
 .text.HAL_ADC_Stop
                0x0000000008002ee0       0x36 ./Drivers/STM32F4xx_HAL_Driver/Src/stm32f4xx_hal_adc.o
                0x0000000008002ee0                HAL_ADC_Stop
 .text.HAL_ADC_PollForConversion
                0x0000000008002f16       0xa6 ./Drivers/STM32F4xx_HAL_Driver/Src/stm32f4xx_hal_adc.o
                0x0000000008002f16                HAL_ADC_PollForConversion
 .text.HAL_ADC_GetValue
                0x0000000008002fbc        0x6 ./Drivers/STM32F4xx_HAL_Driver/Src/stm32f4xx_hal_adc.o
                0x0000000008002fbc                HAL_ADC_GetValue
 *fill*         0x0000000008002fc2        0x2 
 .text.HAL_ADC_ConfigChannel
                0x0000000008002fc4      0x124 ./Drivers/STM32F4xx_HAL_Driver/Src/stm32f4xx_hal_adc.o
                0x0000000008002fc4                HAL_ADC_ConfigChannel
 .text.HAL_CAN_Init
                0x00000000080030e8       0xf6 ./Drivers/STM32F4xx_HAL_Driver/Src/stm32f4xx_hal_can.o
                0x00000000080030e8                HAL_CAN_Init
 *fill*         0x00000000080031de        0x2 
 .text.HAL_CAN_ConfigFilter
                0x00000000080031e0      0x110 ./Drivers/STM32F4xx_HAL_Driver/Src/stm32f4xx_hal_can.o
                0x00000000080031e0                HAL_CAN_ConfigFilter
 .text.HAL_CAN_Start
                0x00000000080032f0       0x5c ./Drivers/STM32F4xx_HAL_Driver/Src/stm32f4xx_hal_can.o
                0x00000000080032f0                HAL_CAN_Start
 .text.HAL_CAN_AddTxMessage
                0x000000000800334c       0xa0 ./Drivers/STM32F4xx_HAL_Driver/Src/stm32f4xx_hal_can.o
                0x000000000800334c                HAL_CAN_AddTxMessage
 .text.HAL_CAN_GetRxMessage
                0x00000000080033ec       0xee ./Drivers/STM32F4xx_HAL_Driver/Src/stm32f4xx_hal_can.o
                0x00000000080033ec                HAL_CAN_GetRxMessage
 .text.HAL_CAN_ActivateNotification
                0x00000000080034da       0x22 ./Drivers/STM32F4xx_HAL_Driver/Src/stm32f4xx_hal_can.o
                0x00000000080034da                HAL_CAN_ActivateNotification
 .text.HAL_CAN_TxMailbox0CompleteCallback
                0x00000000080034fc        0x2 ./Drivers/STM32F4xx_HAL_Driver/Src/stm32f4xx_hal_can.o
                0x00000000080034fc                HAL_CAN_TxMailbox0CompleteCallback
 .text.HAL_CAN_TxMailbox1CompleteCallback
                0x00000000080034fe        0x2 ./Drivers/STM32F4xx_HAL_Driver/Src/stm32f4xx_hal_can.o
                0x00000000080034fe                HAL_CAN_TxMailbox1CompleteCallback
 .text.HAL_CAN_TxMailbox2CompleteCallback
                0x0000000008003500        0x2 ./Drivers/STM32F4xx_HAL_Driver/Src/stm32f4xx_hal_can.o
                0x0000000008003500                HAL_CAN_TxMailbox2CompleteCallback
 .text.HAL_CAN_TxMailbox0AbortCallback
                0x0000000008003502        0x2 ./Drivers/STM32F4xx_HAL_Driver/Src/stm32f4xx_hal_can.o
                0x0000000008003502                HAL_CAN_TxMailbox0AbortCallback
 .text.HAL_CAN_TxMailbox1AbortCallback
                0x0000000008003504        0x2 ./Drivers/STM32F4xx_HAL_Driver/Src/stm32f4xx_hal_can.o
                0x0000000008003504                HAL_CAN_TxMailbox1AbortCallback
 .text.HAL_CAN_TxMailbox2AbortCallback
                0x0000000008003506        0x2 ./Drivers/STM32F4xx_HAL_Driver/Src/stm32f4xx_hal_can.o
                0x0000000008003506                HAL_CAN_TxMailbox2AbortCallback
 .text.HAL_CAN_RxFifo0FullCallback
                0x0000000008003508        0x2 ./Drivers/STM32F4xx_HAL_Driver/Src/stm32f4xx_hal_can.o
                0x0000000008003508                HAL_CAN_RxFifo0FullCallback
 .text.HAL_CAN_RxFifo1MsgPendingCallback
                0x000000000800350a        0x2 ./Drivers/STM32F4xx_HAL_Driver/Src/stm32f4xx_hal_can.o
                0x000000000800350a                HAL_CAN_RxFifo1MsgPendingCallback
 .text.HAL_CAN_RxFifo1FullCallback
                0x000000000800350c        0x2 ./Drivers/STM32F4xx_HAL_Driver/Src/stm32f4xx_hal_can.o
                0x000000000800350c                HAL_CAN_RxFifo1FullCallback
 .text.HAL_CAN_SleepCallback
                0x000000000800350e        0x2 ./Drivers/STM32F4xx_HAL_Driver/Src/stm32f4xx_hal_can.o
                0x000000000800350e                HAL_CAN_SleepCallback
 .text.HAL_CAN_WakeUpFromRxMsgCallback
                0x0000000008003510        0x2 ./Drivers/STM32F4xx_HAL_Driver/Src/stm32f4xx_hal_can.o
                0x0000000008003510                HAL_CAN_WakeUpFromRxMsgCallback
 .text.HAL_CAN_ErrorCallback
                0x0000000008003512        0x2 ./Drivers/STM32F4xx_HAL_Driver/Src/stm32f4xx_hal_can.o
                0x0000000008003512                HAL_CAN_ErrorCallback
 .text.HAL_CAN_IRQHandler
                0x0000000008003514      0x1fc ./Drivers/STM32F4xx_HAL_Driver/Src/stm32f4xx_hal_can.o
                0x0000000008003514                HAL_CAN_IRQHandler
 .text.HAL_NVIC_SetPriorityGrouping
                0x0000000008003710       0x24 ./Drivers/STM32F4xx_HAL_Driver/Src/stm32f4xx_hal_cortex.o
                0x0000000008003710                HAL_NVIC_SetPriorityGrouping
 .text.HAL_NVIC_SetPriority
                0x0000000008003734       0x64 ./Drivers/STM32F4xx_HAL_Driver/Src/stm32f4xx_hal_cortex.o
                0x0000000008003734                HAL_NVIC_SetPriority
 .text.HAL_NVIC_EnableIRQ
                0x0000000008003798       0x1c ./Drivers/STM32F4xx_HAL_Driver/Src/stm32f4xx_hal_cortex.o
                0x0000000008003798                HAL_NVIC_EnableIRQ
 .text.HAL_SYSTICK_Config
                0x00000000080037b4       0x2c ./Drivers/STM32F4xx_HAL_Driver/Src/stm32f4xx_hal_cortex.o
                0x00000000080037b4                HAL_SYSTICK_Config
 .text.HAL_GPIO_Init
                0x00000000080037e0      0x1b4 ./Drivers/STM32F4xx_HAL_Driver/Src/stm32f4xx_hal_gpio.o
                0x00000000080037e0                HAL_GPIO_Init
 .text.HAL_GPIO_ReadPin
                0x0000000008003994        0xc ./Drivers/STM32F4xx_HAL_Driver/Src/stm32f4xx_hal_gpio.o
                0x0000000008003994                HAL_GPIO_ReadPin
 .text.HAL_GPIO_WritePin
                0x00000000080039a0        0xa ./Drivers/STM32F4xx_HAL_Driver/Src/stm32f4xx_hal_gpio.o
                0x00000000080039a0                HAL_GPIO_WritePin
 .text.I2C_IsAcknowledgeFailed
                0x00000000080039aa       0x34 ./Drivers/STM32F4xx_HAL_Driver/Src/stm32f4xx_hal_i2c.o
 .text.I2C_WaitOnMasterAddressFlagUntilTimeout
                0x00000000080039de       0x76 ./Drivers/STM32F4xx_HAL_Driver/Src/stm32f4xx_hal_i2c.o
 .text.I2C_WaitOnBTFFlagUntilTimeout
                0x0000000008003a54       0x4c ./Drivers/STM32F4xx_HAL_Driver/Src/stm32f4xx_hal_i2c.o
 .text.I2C_WaitOnRXNEFlagUntilTimeout
                0x0000000008003aa0       0x5e ./Drivers/STM32F4xx_HAL_Driver/Src/stm32f4xx_hal_i2c.o
 .text.I2C_WaitOnFlagUntilTimeout
                0x0000000008003afe       0x64 ./Drivers/STM32F4xx_HAL_Driver/Src/stm32f4xx_hal_i2c.o
 .text.I2C_WaitOnTXEFlagUntilTimeout
                0x0000000008003b62       0x4c ./Drivers/STM32F4xx_HAL_Driver/Src/stm32f4xx_hal_i2c.o
 *fill*         0x0000000008003bae        0x2 
 .text.I2C_RequestMemoryWrite
                0x0000000008003bb0       0xb0 ./Drivers/STM32F4xx_HAL_Driver/Src/stm32f4xx_hal_i2c.o
 .text.I2C_RequestMemoryRead
                0x0000000008003c60      0x104 ./Drivers/STM32F4xx_HAL_Driver/Src/stm32f4xx_hal_i2c.o
 .text.HAL_I2C_Init
                0x0000000008003d64      0x150 ./Drivers/STM32F4xx_HAL_Driver/Src/stm32f4xx_hal_i2c.o
                0x0000000008003d64                HAL_I2C_Init
 .text.HAL_I2C_Mem_Write
                0x0000000008003eb4      0x120 ./Drivers/STM32F4xx_HAL_Driver/Src/stm32f4xx_hal_i2c.o
                0x0000000008003eb4                HAL_I2C_Mem_Write
 .text.HAL_I2C_Mem_Read
                0x0000000008003fd4      0x210 ./Drivers/STM32F4xx_HAL_Driver/Src/stm32f4xx_hal_i2c.o
                0x0000000008003fd4                HAL_I2C_Mem_Read
 .text.HAL_RCC_OscConfig
                0x00000000080041e4      0x358 ./Drivers/STM32F4xx_HAL_Driver/Src/stm32f4xx_hal_rcc.o
                0x00000000080041e4                HAL_RCC_OscConfig
 .text.HAL_RCC_GetSysClockFreq
                0x000000000800453c       0x5c ./Drivers/STM32F4xx_HAL_Driver/Src/stm32f4xx_hal_rcc.o
                0x000000000800453c                HAL_RCC_GetSysClockFreq
 .text.HAL_RCC_ClockConfig
                0x0000000008004598      0x138 ./Drivers/STM32F4xx_HAL_Driver/Src/stm32f4xx_hal_rcc.o
                0x0000000008004598                HAL_RCC_ClockConfig
 .text.HAL_RCC_GetPCLK1Freq
                0x00000000080046d0       0x20 ./Drivers/STM32F4xx_HAL_Driver/Src/stm32f4xx_hal_rcc.o
                0x00000000080046d0                HAL_RCC_GetPCLK1Freq
 .text.HAL_RCCEx_PeriphCLKConfig
                0x00000000080046f0      0x130 ./Drivers/STM32F4xx_HAL_Driver/Src/stm32f4xx_hal_rcc_ex.o
                0x00000000080046f0                HAL_RCCEx_PeriphCLKConfig
 .text.HAL_RTC_WaitForSynchro
                0x0000000008004820       0x30 ./Drivers/STM32F4xx_HAL_Driver/Src/stm32f4xx_hal_rtc.o
                0x0000000008004820                HAL_RTC_WaitForSynchro
 .text.RTC_EnterInitMode
                0x0000000008004850       0x34 ./Drivers/STM32F4xx_HAL_Driver/Src/stm32f4xx_hal_rtc.o
                0x0000000008004850                RTC_EnterInitMode
 .text.HAL_RTC_Init
                0x0000000008004884       0x9c ./Drivers/STM32F4xx_HAL_Driver/Src/stm32f4xx_hal_rtc.o
                0x0000000008004884                HAL_RTC_Init
 .text.RTC_ByteToBcd2
                0x0000000008004920       0x16 ./Drivers/STM32F4xx_HAL_Driver/Src/stm32f4xx_hal_rtc.o
                0x0000000008004920                RTC_ByteToBcd2
 .text.HAL_RTC_SetTime
                0x0000000008004936       0xe2 ./Drivers/STM32F4xx_HAL_Driver/Src/stm32f4xx_hal_rtc.o
                0x0000000008004936                HAL_RTC_SetTime
 .text.HAL_RTC_SetDate
                0x0000000008004a18       0xc0 ./Drivers/STM32F4xx_HAL_Driver/Src/stm32f4xx_hal_rtc.o
                0x0000000008004a18                HAL_RTC_SetDate
 .text.RTC_Bcd2ToByte
                0x0000000008004ad8       0x12 ./Drivers/STM32F4xx_HAL_Driver/Src/stm32f4xx_hal_rtc.o
                0x0000000008004ad8                RTC_Bcd2ToByte
 .text.HAL_RTC_GetTime
                0x0000000008004aea       0x4a ./Drivers/STM32F4xx_HAL_Driver/Src/stm32f4xx_hal_rtc.o
                0x0000000008004aea                HAL_RTC_GetTime
 .text.HAL_RTC_GetDate
                0x0000000008004b34       0x3a ./Drivers/STM32F4xx_HAL_Driver/Src/stm32f4xx_hal_rtc.o
                0x0000000008004b34                HAL_RTC_GetDate
 .text.HAL_RTCEx_BKUPWrite
                0x0000000008004b6e        0xa ./Drivers/STM32F4xx_HAL_Driver/Src/stm32f4xx_hal_rtc_ex.o
                0x0000000008004b6e                HAL_RTCEx_BKUPWrite
 .text.HAL_RTCEx_BKUPRead
                0x0000000008004b78        0xa ./Drivers/STM32F4xx_HAL_Driver/Src/stm32f4xx_hal_rtc_ex.o
                0x0000000008004b78                HAL_RTCEx_BKUPRead
 *fill*         0x0000000008004b82        0x2 
 .text.HAL_TIM_Base_Start_IT
                0x0000000008004b84       0x74 ./Drivers/STM32F4xx_HAL_Driver/Src/stm32f4xx_hal_tim.o
                0x0000000008004b84                HAL_TIM_Base_Start_IT
 .text.HAL_TIM_OC_DelayElapsedCallback
                0x0000000008004bf8        0x2 ./Drivers/STM32F4xx_HAL_Driver/Src/stm32f4xx_hal_tim.o
                0x0000000008004bf8                HAL_TIM_OC_DelayElapsedCallback
 .text.HAL_TIM_IC_CaptureCallback
                0x0000000008004bfa        0x2 ./Drivers/STM32F4xx_HAL_Driver/Src/stm32f4xx_hal_tim.o
                0x0000000008004bfa                HAL_TIM_IC_CaptureCallback
 .text.HAL_TIM_PWM_PulseFinishedCallback
                0x0000000008004bfc        0x2 ./Drivers/STM32F4xx_HAL_Driver/Src/stm32f4xx_hal_tim.o
                0x0000000008004bfc                HAL_TIM_PWM_PulseFinishedCallback
 .text.HAL_TIM_TriggerCallback
                0x0000000008004bfe        0x2 ./Drivers/STM32F4xx_HAL_Driver/Src/stm32f4xx_hal_tim.o
                0x0000000008004bfe                HAL_TIM_TriggerCallback
 .text.HAL_TIM_IRQHandler
                0x0000000008004c00      0x144 ./Drivers/STM32F4xx_HAL_Driver/Src/stm32f4xx_hal_tim.o
                0x0000000008004c00                HAL_TIM_IRQHandler
 .text.TIM_Base_SetConfig
                0x0000000008004d44       0xcc ./Drivers/STM32F4xx_HAL_Driver/Src/stm32f4xx_hal_tim.o
                0x0000000008004d44                TIM_Base_SetConfig
 .text.HAL_TIM_Base_Init
                0x0000000008004e10       0x58 ./Drivers/STM32F4xx_HAL_Driver/Src/stm32f4xx_hal_tim.o
                0x0000000008004e10                HAL_TIM_Base_Init
 .text.HAL_TIMEx_MasterConfigSynchronization
                0x0000000008004e68       0x7c ./Drivers/STM32F4xx_HAL_Driver/Src/stm32f4xx_hal_tim_ex.o
                0x0000000008004e68                HAL_TIMEx_MasterConfigSynchronization
 .text.HAL_TIMEx_CommutCallback
                0x0000000008004ee4        0x2 ./Drivers/STM32F4xx_HAL_Driver/Src/stm32f4xx_hal_tim_ex.o
                0x0000000008004ee4                HAL_TIMEx_CommutCallback
 .text.HAL_TIMEx_BreakCallback
                0x0000000008004ee6        0x2 ./Drivers/STM32F4xx_HAL_Driver/Src/stm32f4xx_hal_tim_ex.o
                0x0000000008004ee6                HAL_TIMEx_BreakCallback
 .text.__libc_init_array
                0x0000000008004ee8       0x48 c:/st/stm32cubeide_1.7.0/stm32cubeide/plugins/com.st.stm32cube.ide.mcu.externaltools.gnu-tools-for-stm32.9-2020-q2-update.win32_2.0.0.202105311346/tools/bin/../lib/gcc/arm-none-eabi/9.3.1/../../../../arm-none-eabi/lib/thumb/v7e-m+fp/hard\libc_nano.a(lib_a-init.o)
                0x0000000008004ee8                __libc_init_array
 .text.memset   0x0000000008004f30       0x10 c:/st/stm32cubeide_1.7.0/stm32cubeide/plugins/com.st.stm32cube.ide.mcu.externaltools.gnu-tools-for-stm32.9-2020-q2-update.win32_2.0.0.202105311346/tools/bin/../lib/gcc/arm-none-eabi/9.3.1/../../../../arm-none-eabi/lib/thumb/v7e-m+fp/hard\libc_nano.a(lib_a-memset.o)
                0x0000000008004f30                memset
 *(.glue_7)
 .glue_7        0x0000000008004f40        0x0 linker stubs
 *(.glue_7t)
 .glue_7t       0x0000000008004f40        0x0 linker stubs
 *(.eh_frame)
 .eh_frame      0x0000000008004f40        0x0 c:/st/stm32cubeide_1.7.0/stm32cubeide/plugins/com.st.stm32cube.ide.mcu.externaltools.gnu-tools-for-stm32.9-2020-q2-update.win32_2.0.0.202105311346/tools/bin/../lib/gcc/arm-none-eabi/9.3.1/thumb/v7e-m+fp/hard/crtbegin.o
 *(.init)
 .init          0x0000000008004f40        0x4 c:/st/stm32cubeide_1.7.0/stm32cubeide/plugins/com.st.stm32cube.ide.mcu.externaltools.gnu-tools-for-stm32.9-2020-q2-update.win32_2.0.0.202105311346/tools/bin/../lib/gcc/arm-none-eabi/9.3.1/thumb/v7e-m+fp/hard/crti.o
                0x0000000008004f40                _init
 .init          0x0000000008004f44        0x8 c:/st/stm32cubeide_1.7.0/stm32cubeide/plugins/com.st.stm32cube.ide.mcu.externaltools.gnu-tools-for-stm32.9-2020-q2-update.win32_2.0.0.202105311346/tools/bin/../lib/gcc/arm-none-eabi/9.3.1/thumb/v7e-m+fp/hard/crtn.o
 *(.fini)
 .fini          0x0000000008004f4c        0x4 c:/st/stm32cubeide_1.7.0/stm32cubeide/plugins/com.st.stm32cube.ide.mcu.externaltools.gnu-tools-for-stm32.9-2020-q2-update.win32_2.0.0.202105311346/tools/bin/../lib/gcc/arm-none-eabi/9.3.1/thumb/v7e-m+fp/hard/crti.o
                0x0000000008004f4c                _fini
 .fini          0x0000000008004f50        0x8 c:/st/stm32cubeide_1.7.0/stm32cubeide/plugins/com.st.stm32cube.ide.mcu.externaltools.gnu-tools-for-stm32.9-2020-q2-update.win32_2.0.0.202105311346/tools/bin/../lib/gcc/arm-none-eabi/9.3.1/thumb/v7e-m+fp/hard/crtn.o
                0x0000000008004f58                . = ALIGN (0x4)
                0x0000000008004f58                _etext = .

.vfp11_veneer   0x0000000008004f58        0x0
 .vfp11_veneer  0x0000000008004f58        0x0 linker stubs

.v4_bx          0x0000000008004f58        0x0
 .v4_bx         0x0000000008004f58        0x0 linker stubs

.iplt           0x0000000008004f58        0x0
 .iplt          0x0000000008004f58        0x0 c:/st/stm32cubeide_1.7.0/stm32cubeide/plugins/com.st.stm32cube.ide.mcu.externaltools.gnu-tools-for-stm32.9-2020-q2-update.win32_2.0.0.202105311346/tools/bin/../lib/gcc/arm-none-eabi/9.3.1/thumb/v7e-m+fp/hard/crtbegin.o

.rodata         0x0000000008004f58       0x18
                0x0000000008004f58                . = ALIGN (0x4)
 *(.rodata)
 *(.rodata*)
 .rodata.AHBPrescTable
                0x0000000008004f58       0x10 ./Core/Src/system_stm32f4xx.o
                0x0000000008004f58                AHBPrescTable
 .rodata.APBPrescTable
                0x0000000008004f68        0x8 ./Core/Src/system_stm32f4xx.o
                0x0000000008004f68                APBPrescTable
                0x0000000008004f70                . = ALIGN (0x4)

.ARM.extab      0x0000000008004f70        0x0
                0x0000000008004f70                . = ALIGN (0x4)
 *(.ARM.extab* .gnu.linkonce.armextab.*)
                0x0000000008004f70                . = ALIGN (0x4)

.ARM            0x0000000008004f70        0x8
                0x0000000008004f70                . = ALIGN (0x4)
                0x0000000008004f70                __exidx_start = .
 *(.ARM.exidx*)
 .ARM.exidx     0x0000000008004f70        0x8 c:/st/stm32cubeide_1.7.0/stm32cubeide/plugins/com.st.stm32cube.ide.mcu.externaltools.gnu-tools-for-stm32.9-2020-q2-update.win32_2.0.0.202105311346/tools/bin/../lib/gcc/arm-none-eabi/9.3.1/thumb/v7e-m+fp/hard\libgcc.a(_udivmoddi4.o)
                0x0000000008004f78                __exidx_end = .
                0x0000000008004f78                . = ALIGN (0x4)

.rel.dyn        0x0000000008004f78        0x0
 .rel.iplt      0x0000000008004f78        0x0 c:/st/stm32cubeide_1.7.0/stm32cubeide/plugins/com.st.stm32cube.ide.mcu.externaltools.gnu-tools-for-stm32.9-2020-q2-update.win32_2.0.0.202105311346/tools/bin/../lib/gcc/arm-none-eabi/9.3.1/thumb/v7e-m+fp/hard/crtbegin.o

.preinit_array  0x0000000008004f78        0x0
                0x0000000008004f78                . = ALIGN (0x4)
                0x0000000008004f78                PROVIDE (__preinit_array_start = .)
 *(.preinit_array*)
                0x0000000008004f78                PROVIDE (__preinit_array_end = .)
                0x0000000008004f78                . = ALIGN (0x4)

.init_array     0x0000000008004f78        0x4
                0x0000000008004f78                . = ALIGN (0x4)
                0x0000000008004f78                PROVIDE (__init_array_start = .)
 *(SORT_BY_NAME(.init_array.*))
 *(.init_array*)
 .init_array    0x0000000008004f78        0x4 c:/st/stm32cubeide_1.7.0/stm32cubeide/plugins/com.st.stm32cube.ide.mcu.externaltools.gnu-tools-for-stm32.9-2020-q2-update.win32_2.0.0.202105311346/tools/bin/../lib/gcc/arm-none-eabi/9.3.1/thumb/v7e-m+fp/hard/crtbegin.o
                0x0000000008004f7c                PROVIDE (__init_array_end = .)
                0x0000000008004f7c                . = ALIGN (0x4)

.fini_array     0x0000000008004f7c        0x4
                0x0000000008004f7c                . = ALIGN (0x4)
                [!provide]                        PROVIDE (__fini_array_start = .)
 *(SORT_BY_NAME(.fini_array.*))
 *(.fini_array*)
 .fini_array    0x0000000008004f7c        0x4 c:/st/stm32cubeide_1.7.0/stm32cubeide/plugins/com.st.stm32cube.ide.mcu.externaltools.gnu-tools-for-stm32.9-2020-q2-update.win32_2.0.0.202105311346/tools/bin/../lib/gcc/arm-none-eabi/9.3.1/thumb/v7e-m+fp/hard/crtbegin.o
                [!provide]                        PROVIDE (__fini_array_end = .)
                0x0000000008004f80                . = ALIGN (0x4)
                0x0000000008004f80                _sidata = LOADADDR (.data)

.data           0x0000000020000000      0x2fc load address 0x0000000008004f80
                0x0000000020000000                . = ALIGN (0x4)
                0x0000000020000000                _sdata = .
 *(.data)
 *(.data*)
 .data.analogConfigs
                0x0000000020000000      0x258 ./Core/Src/main.o
                0x0000000020000000                analogConfigs
 .data.analogInputID
                0x0000000020000258       0x14 ./Core/Src/main.o
                0x0000000020000258                analogInputID
 .data.catacaqSay
                0x000000002000026c        0x4 ./Core/Src/main.o
                0x000000002000026c                catacaqSay
 .data.dataw3   0x0000000020000270        0x4 ./Core/Src/main.o
                0x0000000020000270                dataw3
 .data.delayTime
                0x0000000020000274        0x4 ./Core/Src/main.o
                0x0000000020000274                delayTime
 .data.digitalInputId
                0x0000000020000278       0x3c ./Core/Src/main.o
                0x0000000020000278                digitalInputId
 .data.id       0x00000000200002b4       0x3c ./Core/Src/main.o
                0x00000000200002b4                id
 .data.SystemCoreClock
                0x00000000200002f0        0x4 ./Core/Src/system_stm32f4xx.o
                0x00000000200002f0                SystemCoreClock
 .data.uwTickFreq
                0x00000000200002f4        0x1 ./Drivers/STM32F4xx_HAL_Driver/Src/stm32f4xx_hal.o
                0x00000000200002f4                uwTickFreq
 *fill*         0x00000000200002f5        0x3 
 .data.uwTickPrio
                0x00000000200002f8        0x4 ./Drivers/STM32F4xx_HAL_Driver/Src/stm32f4xx_hal.o
                0x00000000200002f8                uwTickPrio
 *(.RamFunc)
 *(.RamFunc*)
                0x00000000200002fc                . = ALIGN (0x4)
                0x00000000200002fc                _edata = .
                0x000000000800527c                _siccmram = LOADADDR (.ccmram)

.igot.plt       0x00000000200002fc        0x0 load address 0x000000000800527c
 .igot.plt      0x00000000200002fc        0x0 c:/st/stm32cubeide_1.7.0/stm32cubeide/plugins/com.st.stm32cube.ide.mcu.externaltools.gnu-tools-for-stm32.9-2020-q2-update.win32_2.0.0.202105311346/tools/bin/../lib/gcc/arm-none-eabi/9.3.1/thumb/v7e-m+fp/hard/crtbegin.o

.ccmram         0x0000000010000000        0x0 load address 0x000000000800527c
                0x0000000010000000                . = ALIGN (0x4)
                0x0000000010000000                _sccmram = .
 *(.ccmram)
 *(.ccmram*)
                0x0000000010000000                . = ALIGN (0x4)
                0x0000000010000000                _eccmram = .
                0x0000000010000000                . = ALIGN (0x4)

.bss            0x00000000200002fc     0x1410
                0x00000000200002fc                _sbss = .
                0x00000000200002fc                __bss_start__ = _sbss
 *(.bss)
 .bss           0x00000000200002fc       0x1c c:/st/stm32cubeide_1.7.0/stm32cubeide/plugins/com.st.stm32cube.ide.mcu.externaltools.gnu-tools-for-stm32.9-2020-q2-update.win32_2.0.0.202105311346/tools/bin/../lib/gcc/arm-none-eabi/9.3.1/thumb/v7e-m+fp/hard/crtbegin.o
 *(.bss*)
 .bss.alarmCount
                0x0000000020000318       0x3c ./Core/Src/main.o
                0x0000000020000318                alarmCount
 .bss.alarmLevelRead
                0x0000000020000354       0x64 ./Core/Src/main.o
                0x0000000020000354                alarmLevelRead
 .bss.alarmLevelRecivedFlag
                0x00000000200003b8        0x1 ./Core/Src/main.o
                0x00000000200003b8                alarmLevelRecivedFlag
 *fill*         0x00000000200003b9        0x1 
 .bss.alarmOn   0x00000000200003ba       0x3c ./Core/Src/main.o
                0x00000000200003ba                alarmOn
 .bss.alarmOnAnalog
                0x00000000200003f6       0x3c ./Core/Src/main.o
                0x00000000200003f6                alarmOnAnalog
 .bss.analogAlarmCount
                0x0000000020000432       0x14 ./Core/Src/main.o
                0x0000000020000432                analogAlarmCount
 .bss.analogAlarmCountDown
                0x0000000020000446       0x28 ./Core/Src/main.o
                0x0000000020000446                analogAlarmCountDown
 .bss.analogFadeOut
                0x000000002000046e        0xa ./Core/Src/main.o
                0x000000002000046e                analogFadeOut
 .bss.analogFadeOutTot
                0x0000000020000478       0x18 ./Core/Src/main.o
                0x0000000020000478                analogFadeOutTot
 .bss.analogFadeOutTotRead
                0x0000000020000490       0x18 ./Core/Src/main.o
                0x0000000020000490                analogFadeOutTotRead
 .bss.contactStateRead
                0x00000000200004a8        0xa ./Core/Src/main.o
                0x00000000200004a8                contactStateRead
 .bss.contactStateTot
                0x00000000200004b2        0xa ./Core/Src/main.o
                0x00000000200004b2                contactStateTot
 .bss.datacheck
                0x00000000200004bc        0x4 ./Core/Src/main.o
                0x00000000200004bc                datacheck
 .bss.delaySecondsCount
                0x00000000200004c0       0x3c ./Core/Src/main.o
                0x00000000200004c0                delaySecondsCount
 .bss.delaySecondsCountForOff
                0x00000000200004fc       0x8e ./Core/Src/main.o
                0x00000000200004fc                delaySecondsCountForOff
 .bss.digitalSum
                0x000000002000058a       0x14 ./Core/Src/main.o
                0x000000002000058a                digitalSum
 .bss.fadeOut   0x000000002000059e       0x1e ./Core/Src/main.o
                0x000000002000059e                fadeOut
 .bss.fadeOutReg
                0x00000000200005bc        0x4 ./Core/Src/main.o
                0x00000000200005bc                fadeOutReg
 .bss.fadeOutTot
                0x00000000200005c0       0x18 ./Core/Src/main.o
                0x00000000200005c0                fadeOutTot
 .bss.fadeOutTotRead
                0x00000000200005d8       0x18 ./Core/Src/main.o
                0x00000000200005d8                fadeOutTotRead
 .bss.i2_t      0x00000000200005f0        0x4 ./Core/Src/main.o
                0x00000000200005f0                i2_t
 .bss.kesirHisse
                0x00000000200005f4        0x4 ./Core/Src/main.o
                0x00000000200005f4                kesirHisse
 .bss.otherSignals
                0x00000000200005f8        0x8 ./Core/Src/main.o
                0x00000000200005f8                otherSignals
 .bss.pk1       0x0000000020000600        0x1 ./Core/Src/main.o
                0x0000000020000600                pk1
 .bss.prencereAcilmaFlag
                0x0000000020000601        0x1 ./Core/Src/main.o
                0x0000000020000601                prencereAcilmaFlag
 *fill*         0x0000000020000602        0x2 
 .bss.recivedID
                0x0000000020000604        0x4 ./Core/Src/main.o
                0x0000000020000604                recivedID
 .bss.recivedRangeEnd
                0x0000000020000608        0x2 ./Core/Src/main.o
                0x0000000020000608                recivedRangeEnd
 .bss.recivedRangeFlag
                0x000000002000060a        0x1 ./Core/Src/main.o
                0x000000002000060a                recivedRangeFlag
 *fill*         0x000000002000060b        0x1 
 .bss.recivedRangeStart
                0x000000002000060c        0x2 ./Core/Src/main.o
                0x000000002000060c                recivedRangeStart
 .bss.recivedReset
                0x000000002000060e        0x1 ./Core/Src/main.o
                0x000000002000060e                recivedReset
 *fill*         0x000000002000060f        0x1 
 .bss.secondByte
                0x0000000020000610       0x14 ./Core/Src/main.o
                0x0000000020000610                secondByte
 .bss.sentAlarmFlag
                0x0000000020000624        0x2 ./Core/Src/main.o
                0x0000000020000624                sentAlarmFlag
 .bss.stationAlarm
                0x0000000020000626        0x2 ./Core/Src/main.o
                0x0000000020000626                stationAlarm
 .bss.surusdur  0x0000000020000628        0x4 ./Core/Src/main.o
                0x0000000020000628                surusdur
 .bss.tamHisse  0x000000002000062c        0x4 ./Core/Src/main.o
                0x000000002000062c                tamHisse
 .bss.waitingForDelay
                0x0000000020000630       0x3c ./Core/Src/main.o
                0x0000000020000630                waitingForDelay
 *(COMMON)
 COMMON         0x000000002000066c        0x4 ./Core/Src/EEPROM.o
                0x000000002000066c                bytes_temp
 COMMON         0x0000000020000670     0x1098 ./Core/Src/main.o
                0x0000000020000670                sendCountCheck
                0x00000000200006a4                gDate
                0x00000000200006a8                voltValIncorrect
                0x0000000020000770                analog
                0x00000000200007ec                realVal
                0x00000000200008b4                secondWord
                0x0000000020000918                delaySeconds
                0x00000000200009b8                delaySecondsTot
                0x0000000020000a08                hadc2
                0x0000000020000a50                hi2c2
                0x0000000020000aa4                contactStateTest
                0x0000000020000adc                alarmLevel
                0x0000000020000b40                allDay
                0x0000000020000ba4                allMonth
                0x0000000020000c08                month
                0x0000000020000c09                second
                0x0000000020000c0a                digitalStates
                0x0000000020000caa                message
                0x0000000020000d26                allAlarmsArr
                0x0000000020000dee                minute
                0x0000000020000df0                contactState
                0x0000000020000e80                datar3
                0x0000000020000e84                voltVal
                0x0000000020000f4c                hadc3
                0x0000000020000f94                allHour
                0x0000000020000ff8                gTime
                0x000000002000100c                wantedArr
                0x00000000200010d4                hour
                0x00000000200010d8                hrtc
                0x00000000200010f8                allYear
                0x000000002000115c                TxData
                0x000000002000124c                fractionPart
                0x0000000020001280                htim6
                0x00000000200012c8                sentAlarmId
                0x00000000200012ca                allMinute
                0x0000000020001330                TxMailbox
                0x0000000020001334                year
                0x0000000020001335                day
                0x0000000020001336                delaySecondsTotRead
                0x0000000020001386                RxData
                0x0000000020001390                hcan1
                0x00000000200013b8                TxHeader
                0x0000000020001688                RxHeader
                0x00000000200016a4                intPart
 COMMON         0x0000000020001708        0x4 ./Drivers/STM32F4xx_HAL_Driver/Src/stm32f4xx_hal.o
                0x0000000020001708                uwTick
                0x000000002000170c                . = ALIGN (0x4)
                0x000000002000170c                _ebss = .
                0x000000002000170c                __bss_end__ = _ebss

._user_heap_stack
                0x000000002000170c      0x604
                0x0000000020001710                . = ALIGN (0x8)
 *fill*         0x000000002000170c        0x4 
                [!provide]                        PROVIDE (end = .)
                0x0000000020001710                PROVIDE (_end = .)
                0x0000000020001910                . = (. + _Min_Heap_Size)
 *fill*         0x0000000020001710      0x200 
                0x0000000020001d10                . = (. + _Min_Stack_Size)
 *fill*         0x0000000020001910      0x400 
                0x0000000020001d10                . = ALIGN (0x8)

/DISCARD/
 libc.a(*)
 libm.a(*)
 libgcc.a(*)

.ARM.attributes
                0x0000000000000000       0x30
 *(.ARM.attributes)
 .ARM.attributes
                0x0000000000000000       0x1e c:/st/stm32cubeide_1.7.0/stm32cubeide/plugins/com.st.stm32cube.ide.mcu.externaltools.gnu-tools-for-stm32.9-2020-q2-update.win32_2.0.0.202105311346/tools/bin/../lib/gcc/arm-none-eabi/9.3.1/thumb/v7e-m+fp/hard/crti.o
 .ARM.attributes
                0x000000000000001e       0x34 c:/st/stm32cubeide_1.7.0/stm32cubeide/plugins/com.st.stm32cube.ide.mcu.externaltools.gnu-tools-for-stm32.9-2020-q2-update.win32_2.0.0.202105311346/tools/bin/../lib/gcc/arm-none-eabi/9.3.1/thumb/v7e-m+fp/hard/crtbegin.o
 .ARM.attributes
                0x0000000000000052       0x34 ./Core/Src/EEPROM.o
 .ARM.attributes
                0x0000000000000086       0x34 ./Core/Src/main.o
 .ARM.attributes
                0x00000000000000ba       0x34 ./Core/Src/stm32f4xx_hal_msp.o
 .ARM.attributes
                0x00000000000000ee       0x34 ./Core/Src/stm32f4xx_it.o
 .ARM.attributes
                0x0000000000000122       0x34 ./Core/Src/system_stm32f4xx.o
 .ARM.attributes
                0x0000000000000156       0x21 ./Core/Startup/startup_stm32f407zgtx.o
 .ARM.attributes
                0x0000000000000177       0x34 ./Drivers/STM32F4xx_HAL_Driver/Src/stm32f4xx_hal.o
 .ARM.attributes
                0x00000000000001ab       0x34 ./Drivers/STM32F4xx_HAL_Driver/Src/stm32f4xx_hal_adc.o
 .ARM.attributes
                0x00000000000001df       0x34 ./Drivers/STM32F4xx_HAL_Driver/Src/stm32f4xx_hal_can.o
 .ARM.attributes
                0x0000000000000213       0x34 ./Drivers/STM32F4xx_HAL_Driver/Src/stm32f4xx_hal_cortex.o
 .ARM.attributes
                0x0000000000000247       0x34 ./Drivers/STM32F4xx_HAL_Driver/Src/stm32f4xx_hal_gpio.o
 .ARM.attributes
                0x000000000000027b       0x34 ./Drivers/STM32F4xx_HAL_Driver/Src/stm32f4xx_hal_i2c.o
 .ARM.attributes
                0x00000000000002af       0x34 ./Drivers/STM32F4xx_HAL_Driver/Src/stm32f4xx_hal_rcc.o
 .ARM.attributes
                0x00000000000002e3       0x34 ./Drivers/STM32F4xx_HAL_Driver/Src/stm32f4xx_hal_rcc_ex.o
 .ARM.attributes
                0x0000000000000317       0x34 ./Drivers/STM32F4xx_HAL_Driver/Src/stm32f4xx_hal_rtc.o
 .ARM.attributes
                0x000000000000034b       0x34 ./Drivers/STM32F4xx_HAL_Driver/Src/stm32f4xx_hal_rtc_ex.o
 .ARM.attributes
                0x000000000000037f       0x34 ./Drivers/STM32F4xx_HAL_Driver/Src/stm32f4xx_hal_tim.o
 .ARM.attributes
                0x00000000000003b3       0x34 ./Drivers/STM32F4xx_HAL_Driver/Src/stm32f4xx_hal_tim_ex.o
 .ARM.attributes
                0x00000000000003e7       0x34 c:/st/stm32cubeide_1.7.0/stm32cubeide/plugins/com.st.stm32cube.ide.mcu.externaltools.gnu-tools-for-stm32.9-2020-q2-update.win32_2.0.0.202105311346/tools/bin/../lib/gcc/arm-none-eabi/9.3.1/../../../../arm-none-eabi/lib/thumb/v7e-m+fp/hard\libc_nano.a(lib_a-init.o)
 .ARM.attributes
                0x000000000000041b       0x34 c:/st/stm32cubeide_1.7.0/stm32cubeide/plugins/com.st.stm32cube.ide.mcu.externaltools.gnu-tools-for-stm32.9-2020-q2-update.win32_2.0.0.202105311346/tools/bin/../lib/gcc/arm-none-eabi/9.3.1/../../../../arm-none-eabi/lib/thumb/v7e-m+fp/hard\libc_nano.a(lib_a-memset.o)
 .ARM.attributes
                0x000000000000044f       0x1e c:/st/stm32cubeide_1.7.0/stm32cubeide/plugins/com.st.stm32cube.ide.mcu.externaltools.gnu-tools-for-stm32.9-2020-q2-update.win32_2.0.0.202105311346/tools/bin/../lib/gcc/arm-none-eabi/9.3.1/thumb/v7e-m+fp/hard\libgcc.a(_arm_muldf3.o)
 .ARM.attributes
                0x000000000000046d       0x1e c:/st/stm32cubeide_1.7.0/stm32cubeide/plugins/com.st.stm32cube.ide.mcu.externaltools.gnu-tools-for-stm32.9-2020-q2-update.win32_2.0.0.202105311346/tools/bin/../lib/gcc/arm-none-eabi/9.3.1/thumb/v7e-m+fp/hard\libgcc.a(_arm_addsubdf3.o)
 .ARM.attributes
                0x000000000000048b       0x1e c:/st/stm32cubeide_1.7.0/stm32cubeide/plugins/com.st.stm32cube.ide.mcu.externaltools.gnu-tools-for-stm32.9-2020-q2-update.win32_2.0.0.202105311346/tools/bin/../lib/gcc/arm-none-eabi/9.3.1/thumb/v7e-m+fp/hard\libgcc.a(_arm_truncdfsf2.o)
 .ARM.attributes
                0x00000000000004a9       0x1e c:/st/stm32cubeide_1.7.0/stm32cubeide/plugins/com.st.stm32cube.ide.mcu.externaltools.gnu-tools-for-stm32.9-2020-q2-update.win32_2.0.0.202105311346/tools/bin/../lib/gcc/arm-none-eabi/9.3.1/thumb/v7e-m+fp/hard\libgcc.a(_aeabi_uldivmod.o)
 .ARM.attributes
                0x00000000000004c7       0x34 c:/st/stm32cubeide_1.7.0/stm32cubeide/plugins/com.st.stm32cube.ide.mcu.externaltools.gnu-tools-for-stm32.9-2020-q2-update.win32_2.0.0.202105311346/tools/bin/../lib/gcc/arm-none-eabi/9.3.1/thumb/v7e-m+fp/hard\libgcc.a(_udivmoddi4.o)
 .ARM.attributes
                0x00000000000004fb       0x1e c:/st/stm32cubeide_1.7.0/stm32cubeide/plugins/com.st.stm32cube.ide.mcu.externaltools.gnu-tools-for-stm32.9-2020-q2-update.win32_2.0.0.202105311346/tools/bin/../lib/gcc/arm-none-eabi/9.3.1/thumb/v7e-m+fp/hard\libgcc.a(_dvmd_tls.o)
 .ARM.attributes
                0x0000000000000519       0x1e c:/st/stm32cubeide_1.7.0/stm32cubeide/plugins/com.st.stm32cube.ide.mcu.externaltools.gnu-tools-for-stm32.9-2020-q2-update.win32_2.0.0.202105311346/tools/bin/../lib/gcc/arm-none-eabi/9.3.1/thumb/v7e-m+fp/hard/crtn.o
OUTPUT(stm32f407zg-Block4.elf elf32-littlearm)
LOAD linker stubs
LOAD c:/st/stm32cubeide_1.7.0/stm32cubeide/plugins/com.st.stm32cube.ide.mcu.externaltools.gnu-tools-for-stm32.9-2020-q2-update.win32_2.0.0.202105311346/tools/bin/../lib/gcc/arm-none-eabi/9.3.1/../../../../arm-none-eabi/lib/thumb/v7e-m+fp/hard\libc.a
LOAD c:/st/stm32cubeide_1.7.0/stm32cubeide/plugins/com.st.stm32cube.ide.mcu.externaltools.gnu-tools-for-stm32.9-2020-q2-update.win32_2.0.0.202105311346/tools/bin/../lib/gcc/arm-none-eabi/9.3.1/../../../../arm-none-eabi/lib/thumb/v7e-m+fp/hard\libm.a
LOAD c:/st/stm32cubeide_1.7.0/stm32cubeide/plugins/com.st.stm32cube.ide.mcu.externaltools.gnu-tools-for-stm32.9-2020-q2-update.win32_2.0.0.202105311346/tools/bin/../lib/gcc/arm-none-eabi/9.3.1/thumb/v7e-m+fp/hard\libgcc.a

.comment        0x0000000000000000       0x53
 .comment       0x0000000000000000       0x53 ./Core/Src/EEPROM.o
                                         0x54 (size before relaxing)
 .comment       0x0000000000000053       0x54 ./Core/Src/main.o
 .comment       0x0000000000000053       0x54 ./Core/Src/stm32f4xx_hal_msp.o
 .comment       0x0000000000000053       0x54 ./Core/Src/stm32f4xx_it.o
 .comment       0x0000000000000053       0x54 ./Core/Src/system_stm32f4xx.o
 .comment       0x0000000000000053       0x54 ./Drivers/STM32F4xx_HAL_Driver/Src/stm32f4xx_hal.o
 .comment       0x0000000000000053       0x54 ./Drivers/STM32F4xx_HAL_Driver/Src/stm32f4xx_hal_adc.o
 .comment       0x0000000000000053       0x54 ./Drivers/STM32F4xx_HAL_Driver/Src/stm32f4xx_hal_can.o
 .comment       0x0000000000000053       0x54 ./Drivers/STM32F4xx_HAL_Driver/Src/stm32f4xx_hal_cortex.o
 .comment       0x0000000000000053       0x54 ./Drivers/STM32F4xx_HAL_Driver/Src/stm32f4xx_hal_gpio.o
 .comment       0x0000000000000053       0x54 ./Drivers/STM32F4xx_HAL_Driver/Src/stm32f4xx_hal_i2c.o
 .comment       0x0000000000000053       0x54 ./Drivers/STM32F4xx_HAL_Driver/Src/stm32f4xx_hal_rcc.o
 .comment       0x0000000000000053       0x54 ./Drivers/STM32F4xx_HAL_Driver/Src/stm32f4xx_hal_rcc_ex.o
 .comment       0x0000000000000053       0x54 ./Drivers/STM32F4xx_HAL_Driver/Src/stm32f4xx_hal_rtc.o
 .comment       0x0000000000000053       0x54 ./Drivers/STM32F4xx_HAL_Driver/Src/stm32f4xx_hal_rtc_ex.o
 .comment       0x0000000000000053       0x54 ./Drivers/STM32F4xx_HAL_Driver/Src/stm32f4xx_hal_tim.o
 .comment       0x0000000000000053       0x54 ./Drivers/STM32F4xx_HAL_Driver/Src/stm32f4xx_hal_tim_ex.o

.debug_frame    0x0000000000000000      0x1ac
 .debug_frame   0x0000000000000000       0x2c c:/st/stm32cubeide_1.7.0/stm32cubeide/plugins/com.st.stm32cube.ide.mcu.externaltools.gnu-tools-for-stm32.9-2020-q2-update.win32_2.0.0.202105311346/tools/bin/../lib/gcc/arm-none-eabi/9.3.1/../../../../arm-none-eabi/lib/thumb/v7e-m+fp/hard\libc_nano.a(lib_a-init.o)
 .debug_frame   0x000000000000002c       0x20 c:/st/stm32cubeide_1.7.0/stm32cubeide/plugins/com.st.stm32cube.ide.mcu.externaltools.gnu-tools-for-stm32.9-2020-q2-update.win32_2.0.0.202105311346/tools/bin/../lib/gcc/arm-none-eabi/9.3.1/../../../../arm-none-eabi/lib/thumb/v7e-m+fp/hard\libc_nano.a(lib_a-memset.o)
 .debug_frame   0x000000000000004c       0x30 c:/st/stm32cubeide_1.7.0/stm32cubeide/plugins/com.st.stm32cube.ide.mcu.externaltools.gnu-tools-for-stm32.9-2020-q2-update.win32_2.0.0.202105311346/tools/bin/../lib/gcc/arm-none-eabi/9.3.1/thumb/v7e-m+fp/hard\libgcc.a(_arm_muldf3.o)
 .debug_frame   0x000000000000007c       0xac c:/st/stm32cubeide_1.7.0/stm32cubeide/plugins/com.st.stm32cube.ide.mcu.externaltools.gnu-tools-for-stm32.9-2020-q2-update.win32_2.0.0.202105311346/tools/bin/../lib/gcc/arm-none-eabi/9.3.1/thumb/v7e-m+fp/hard\libgcc.a(_arm_addsubdf3.o)
 .debug_frame   0x0000000000000128       0x24 c:/st/stm32cubeide_1.7.0/stm32cubeide/plugins/com.st.stm32cube.ide.mcu.externaltools.gnu-tools-for-stm32.9-2020-q2-update.win32_2.0.0.202105311346/tools/bin/../lib/gcc/arm-none-eabi/9.3.1/thumb/v7e-m+fp/hard\libgcc.a(_arm_truncdfsf2.o)
 .debug_frame   0x000000000000014c       0x2c c:/st/stm32cubeide_1.7.0/stm32cubeide/plugins/com.st.stm32cube.ide.mcu.externaltools.gnu-tools-for-stm32.9-2020-q2-update.win32_2.0.0.202105311346/tools/bin/../lib/gcc/arm-none-eabi/9.3.1/thumb/v7e-m+fp/hard\libgcc.a(_aeabi_uldivmod.o)
 .debug_frame   0x0000000000000178       0x34 c:/st/stm32cubeide_1.7.0/stm32cubeide/plugins/com.st.stm32cube.ide.mcu.externaltools.gnu-tools-for-stm32.9-2020-q2-update.win32_2.0.0.202105311346/tools/bin/../lib/gcc/arm-none-eabi/9.3.1/thumb/v7e-m+fp/hard\libgcc.a(_udivmoddi4.o)
